main.c:116:5:main	8	static
main.c:172:6:SystemClock_Config	72	static
main.c:210:13:MX_I2C1_Init	8	static
main.c:244:13:MX_TIM1_Init	32	static
main.c:290:13:MX_TIM2_Init	64	static
main.c:353:13:MX_TIM3_Init	56	static
main.c:402:13:MX_TIM4_Init	56	static
main.c:451:13:MX_USART1_UART_Init	8	static
main.c:482:13:MX_DMA_Init	16	static
main.c:500:13:MX_GPIO_Init	48	static
main.c:570:6:HAL_TIM_PeriodElapsedCallback	16	static
main.c:646:6:HAL_UART_RxCpltCallback	64	static
main.c:685:6:app_init	8	static
main.c:706:6:run_motor	16	static
main.c:734:6:Error_Handler	4	static
